// Jest Snapshot v1, https://goo.gl/fbAQLP

exports[`List component renders correctly 1`] = `
<View
  collapsable={true}
  pointerEvents="box-none"
  style={
    Object {
      "flex": 1,
    }
  }
>
  <View
    collapsable={false}
    style={
      Object {
        "flex": 1,
      }
    }
  >
    <RCTScrollView
      activationDistance={0}
      animationConfig={
        Object {
          "damping": 20,
          "mass": 0.2,
          "overshootClamping": false,
          "restDisplacementThreshold": 0.2,
          "restSpeedThreshold": 0.2,
          "stiffness": 100,
        }
      }
      autoscrollSpeed={100}
      autoscrollThreshold={30}
      collapsable={false}
      data={
        Array [
          "abc1",
          "def2",
        ]
      }
      disableVirtualization={false}
      extraData={
        Object {
          "activeKey": null,
          "extraData": undefined,
          "hoverComponent": null,
        }
      }
      horizontal={false}
      initialNumToRender={10}
      maxToRenderPerBatch={10}
      onEndReachedThreshold={2}
      removeClippedSubviews={false}
      scrollEnabled={true}
      scrollEventThrottle={1}
      stickyHeaderIndices={Array []}
      style={
        Object {
          "marginBottom": 40,
        }
      }
      updateCellsBatchingPeriod={50}
      viewabilityConfigCallbackPairs={Array []}
      windowSize={21}
    >
      <View>
        <View
          style={
            Object {
              "transform": Array [
                Object {
                  "translateY": AnimatedValue {
                    " __value": 0,
                  },
                },
              ],
            }
          }
        >
          <View
            pointerEvents="auto"
            style={
              Object {
                "flexDirection": "column",
              }
            }
          >
            <View>
              <View>
                <View
                  style={
                    Object {
                      "alignItems": "center",
                      "backgroundColor": "white",
                      "borderColor": "#bcbbc1",
                      "flexDirection": "row",
                      "padding": 14,
                    }
                  }
                  testID="padView"
                >
                  <View
                    style={
                      Object {
                        "alignItems": "flex-start",
                        "flex": 1,
                        "justifyContent": "center",
                      }
                    }
                  >
                    <Text
                      style={
                        Object {
                          "backgroundColor": "transparent",
                          "color": "black",
                          "fontSize": 17,
                          "textAlign": "left",
                        }
                      }
                      testID="listItemTitle"
                      theme={
                        Object {
                          "colors": Object {
                            "disabled": "hsl(208, 8%, 90%)",
                            "divider": "#bcbbc1",
                            "error": "#ff190c",
                            "grey0": "#393e42",
                            "grey1": "#43484d",
                            "grey2": "#5e6977",
                            "grey3": "#86939e",
                            "grey4": "#bdc6cf",
                            "grey5": "#e1e8ee",
                            "greyOutline": "#bbb",
                            "platform": Object {
                              "android": Object {
                                "error": "#f44336",
                                "primary": "#2196f3",
                                "secondary": "#9C27B0",
                                "success": "#4caf50",
                                "warning": "#ffeb3b",
                              },
                              "ios": Object {
                                "error": "#ff3b30",
                                "primary": "#007aff",
                                "secondary": "#5856d6",
                                "success": "#4cd964",
                                "warning": "#ffcc00",
                              },
                            },
                            "primary": "#2089dc",
                            "searchBg": "#303337",
                            "secondary": "#8F0CE8",
                            "success": "#52c41a",
                            "warning": "#faad14",
                          },
                        }
                      }
                    >
                      abc1
                    </Text>
                  </View>
                </View>
              </View>
            </View>
          </View>
        </View>
        <View
          style={
            Object {
              "transform": Array [
                Object {
                  "translateY": AnimatedValue {
                    " __value": 0,
                  },
                },
              ],
            }
          }
        >
          <View
            pointerEvents="auto"
            style={
              Object {
                "flexDirection": "column",
              }
            }
          >
            <View>
              <View>
                <View
                  style={
                    Object {
                      "alignItems": "center",
                      "backgroundColor": "white",
                      "borderColor": "#bcbbc1",
                      "flexDirection": "row",
                      "padding": 14,
                    }
                  }
                  testID="padView"
                >
                  <View
                    style={
                      Object {
                        "alignItems": "flex-start",
                        "flex": 1,
                        "justifyContent": "center",
                      }
                    }
                  >
                    <Text
                      style={
                        Object {
                          "backgroundColor": "transparent",
                          "color": "black",
                          "fontSize": 17,
                          "textAlign": "left",
                        }
                      }
                      testID="listItemTitle"
                      theme={
                        Object {
                          "colors": Object {
                            "disabled": "hsl(208, 8%, 90%)",
                            "divider": "#bcbbc1",
                            "error": "#ff190c",
                            "grey0": "#393e42",
                            "grey1": "#43484d",
                            "grey2": "#5e6977",
                            "grey3": "#86939e",
                            "grey4": "#bdc6cf",
                            "grey5": "#e1e8ee",
                            "greyOutline": "#bbb",
                            "platform": Object {
                              "android": Object {
                                "error": "#f44336",
                                "primary": "#2196f3",
                                "secondary": "#9C27B0",
                                "success": "#4caf50",
                                "warning": "#ffeb3b",
                              },
                              "ios": Object {
                                "error": "#ff3b30",
                                "primary": "#007aff",
                                "secondary": "#5856d6",
                                "success": "#4cd964",
                                "warning": "#ffcc00",
                              },
                            },
                            "primary": "#2089dc",
                            "searchBg": "#303337",
                            "secondary": "#8F0CE8",
                            "success": "#52c41a",
                            "warning": "#faad14",
                          },
                        }
                      }
                    >
                      def2
                    </Text>
                  </View>
                </View>
              </View>
            </View>
          </View>
        </View>
      </View>
    </RCTScrollView>
  </View>
</View>
`;
