// Jest Snapshot v1, https://goo.gl/fbAQLP

exports[`CreateListButton container renders an CreateListButton 1`] = `
<View
  style={
    Object {
      "bottom": 80,
      "position": "absolute",
      "right": 50,
    }
  }
>
  <View
    style={
      Object {
        "overflow": "hidden",
      }
    }
  >
    <View
      accessible={true}
      focusable={true}
      onClick={[Function]}
      onResponderGrant={[Function]}
      onResponderMove={[Function]}
      onResponderRelease={[Function]}
      onResponderTerminate={[Function]}
      onResponderTerminationRequest={[Function]}
      onStartShouldSetResponder={[Function]}
    >
      <View
        style={
          Object {
            "alignItems": "center",
            "backgroundColor": "transparent",
            "justifyContent": "center",
          }
        }
      >
        <Text
          allowFontScaling={false}
          style={
            Array [
              Object {
                "color": "lightgreen",
                "fontSize": 50,
              },
              Object {
                "backgroundColor": "transparent",
              },
              Object {
                "fontFamily": "FontAwesome5Free-Solid",
                "fontStyle": "normal",
                "fontWeight": "normal",
              },
              Object {
                "fontWeight": "900",
              },
            ]
          }
          testID="iconIcon"
        >
          
        </Text>
      </View>
    </View>
  </View>
</View>
`;
