// Jest Snapshot v1, https://goo.gl/fbAQLP

exports[`TodoItem container renders a TodoItem 1`] = `
<View>
  <View
    style={
      Object {
        "alignItems": "center",
        "backgroundColor": "white",
        "borderColor": "#bcbbc1",
        "flexDirection": "row",
        "padding": 14,
      }
    }
    testID="padView"
  >
    <View
      style={
        Object {
          "alignItems": "flex-start",
          "flex": 1,
          "justifyContent": "center",
        }
      }
    >
      <Text
        style={
          Object {
            "backgroundColor": "transparent",
            "color": "black",
            "fontSize": 17,
            "textAlign": "left",
            "textDecorationLine": "line-through",
            "textDecorationStyle": "solid",
          }
        }
        testID="listItemTitle"
        theme={
          Object {
            "colors": Object {
              "disabled": "hsl(208, 8%, 90%)",
              "divider": "#bcbbc1",
              "error": "#ff190c",
              "grey0": "#393e42",
              "grey1": "#43484d",
              "grey2": "#5e6977",
              "grey3": "#86939e",
              "grey4": "#bdc6cf",
              "grey5": "#e1e8ee",
              "greyOutline": "#bbb",
              "platform": Object {
                "android": Object {
                  "error": "#f44336",
                  "primary": "#2196f3",
                  "secondary": "#9C27B0",
                  "success": "#4caf50",
                  "warning": "#ffeb3b",
                },
                "ios": Object {
                  "error": "#ff3b30",
                  "primary": "#007aff",
                  "secondary": "#5856d6",
                  "success": "#4cd964",
                  "warning": "#ffcc00",
                },
              },
              "primary": "#2089dc",
              "searchBg": "#303337",
              "secondary": "#8F0CE8",
              "success": "#52c41a",
              "warning": "#faad14",
            },
          }
        }
      >
        Run the tests
      </Text>
    </View>
    <View
      style={
        Object {
          "paddingLeft": 16,
        }
      }
    />
    <View
      accessibilityRole="checkbox"
      accessibilityState={
        Object {
          "checked": true,
        }
      }
      accessible={true}
      focusable={false}
      onClick={[Function]}
      onResponderGrant={[Function]}
      onResponderMove={[Function]}
      onResponderRelease={[Function]}
      onResponderTerminate={[Function]}
      onResponderTerminationRequest={[Function]}
      onStartShouldSetResponder={[Function]}
      style={
        Object {
          "margin": 0,
          "marginLeft": 0,
          "marginRight": 0,
          "opacity": 1,
          "padding": 0,
        }
      }
      testID="checkbox"
    >
      <View
        style={
          Object {
            "alignItems": "center",
            "flexDirection": "row",
            "justifyContent": "flex-end",
          }
        }
      >
        <Text
          allowFontScaling={false}
          onPress={[Function]}
          style={
            Array [
              Object {
                "color": "#2089dc",
                "fontSize": 24,
              },
              Object {
                "minWidth": 24,
              },
              Object {
                "fontFamily": "FontAwesome",
                "fontStyle": "normal",
                "fontWeight": "normal",
              },
              Object {},
            ]
          }
        >
          ÔÅÜ
        </Text>
      </View>
    </View>
    <View
      style={
        Object {
          "paddingLeft": 16,
        }
      }
    />
    <View
      accessible={true}
      focusable={true}
      onBlur={[Function]}
      onClick={[Function]}
      onFocus={[Function]}
      onResponderGrant={[Function]}
      onResponderMove={[Function]}
      onResponderRelease={[Function]}
      onResponderTerminate={[Function]}
      onResponderTerminationRequest={[Function]}
      onStartShouldSetResponder={[Function]}
    >
      <Text
        style={
          Object {
            "color": "red",
            "textAlign": "center",
          }
        }
      >
        X
      </Text>
    </View>
  </View>
</View>
`;
